###############################################################
#  Generated by:      Cadence Innovus 21.15-s110_1
#  OS:                Linux x86_64(Host ID cadence-server.vit.ac.in)
#  Generated on:      Wed Jul 29 12:48:49 2026
#  Design:            sha256
#  Command:           colorizePowerMesh
###############################################################
#set_verify_drc_mode -check_only special -disable_rules {cut_spacing min_area min_cut min_step protrusion} -exclude_pg_net false

SHORT: ( Metal Color Change ) Special Wire of Net VDD  ( M7 )
Bounds : ( 3.760, 197.764 ) ( 5.736, 199.940 )


SHORT: ( Metal Color Change ) Special Wire of Net VDD  ( M6 )
Bounds : ( 3.760, 197.764 ) ( 5.736, 199.940 )


SHORT: ( Metal Color Change ) Special Wire of Net VSS  ( M6 )
Bounds : ( 1.200, 200.324 ) ( 3.176, 202.500 )


SHORT: ( Metal Color Change ) Special Wire of Net VSS  ( M7 )
Bounds : ( 200.424, 200.324 ) ( 202.400, 202.500 )


SHORT: ( Metal Color Change ) Special Wire of Net VDD  ( M7 )
Bounds : ( 197.864, 197.764 ) ( 199.840, 199.940 )


SHORT: ( Metal Color Change ) Special Wire of Net VSS  ( M7 )
Bounds : ( 189.500, 200.424 ) ( 190.140, 202.400 )


SHORT: ( Metal Color Change ) Special Wire of Net VDD  ( M7 )
Bounds : ( 188.204, 197.864 ) ( 188.844, 199.840 )


SHORT: ( Metal Color Change ) Special Wire of Net VSS  ( M7 )
Bounds : ( 163.580, 200.424 ) ( 164.220, 202.400 )


SHORT: ( Metal Color Change ) Special Wire of Net VDD  ( M7 )
Bounds : ( 162.284, 197.864 ) ( 162.924, 199.840 )


SHORT: ( Metal Color Change ) Special Wire of Net VSS  ( M6 )
Bounds : ( 200.424, 200.324 ) ( 202.400, 202.500 )


SHORT: ( Metal Color Change ) Special Wire of Net VDD  ( M6 )
Bounds : ( 197.864, 197.764 ) ( 199.840, 199.940 )


SHORT: ( Metal Color Change ) Special Wire of Net VDD  ( M7 )
Bounds : ( 6.764, 197.864 ) ( 7.404, 199.840 )


SHORT: ( Metal Color Change ) Special Wire of Net VSS  ( M7 )
Bounds : ( 8.060, 200.424 ) ( 8.700, 202.400 )


SHORT: ( Metal Color Change ) Special Wire of Net VDD  ( M7 )
Bounds : ( 32.684, 197.864 ) ( 33.324, 199.840 )


SHORT: ( Metal Color Change ) Special Wire of Net VSS  ( M7 )
Bounds : ( 33.980, 200.424 ) ( 34.620, 202.400 )


SHORT: ( Metal Color Change ) Special Wire of Net VDD  ( M7 )
Bounds : ( 110.444, 197.864 ) ( 111.084, 199.840 )


SHORT: ( Metal Color Change ) Special Wire of Net VSS  ( M7 )
Bounds : ( 111.740, 200.424 ) ( 112.380, 202.400 )


SHORT: ( Metal Color Change ) Special Wire of Net VDD  ( M7 )
Bounds : ( 136.364, 197.864 ) ( 137.004, 199.840 )


SHORT: ( Metal Color Change ) Special Wire of Net VSS  ( M7 )
Bounds : ( 137.660, 200.424 ) ( 138.300, 202.400 )


SHORT: ( Metal Color Change ) Special Wire of Net VDD  ( M7 )
Bounds : ( 58.604, 197.864 ) ( 59.244, 199.840 )


SHORT: ( Metal Color Change ) Special Wire of Net VSS  ( M7 )
Bounds : ( 59.900, 200.424 ) ( 60.540, 202.400 )


SHORT: ( Metal Color Change ) Special Wire of Net VDD  ( M7 )
Bounds : ( 84.524, 197.864 ) ( 85.164, 199.840 )


SHORT: ( Metal Color Change ) Special Wire of Net VSS  ( M7 )
Bounds : ( 85.820, 200.424 ) ( 86.460, 202.400 )


SHORT: ( Metal Color Change ) Special Wire of Net VSS  ( M7 )
Bounds : ( 98.780, 1.200 ) ( 99.420, 3.176 )


SHORT: ( Metal Color Change ) Special Wire of Net VDD  ( M7 )
Bounds : ( 84.524, 3.760 ) ( 85.164, 5.736 )


SHORT: ( Metal Color Change ) Special Wire of Net VSS  ( M7 )
Bounds : ( 72.860, 1.200 ) ( 73.500, 3.176 )


SHORT: ( Metal Color Change ) Special Wire of Net VDD  ( M7 )
Bounds : ( 58.604, 3.760 ) ( 59.244, 5.736 )


SHORT: ( Metal Color Change ) Special Wire of Net VDD  ( M7 )
Bounds : ( 197.864, 3.660 ) ( 199.840, 5.836 )


SHORT: ( Metal Color Change ) Special Wire of Net VDD  ( M7 )
Bounds : ( 188.204, 3.760 ) ( 188.844, 5.736 )


SHORT: ( Metal Color Change ) Special Wire of Net VSS  ( M7 )
Bounds : ( 176.540, 1.200 ) ( 177.180, 3.176 )


SHORT: ( Metal Color Change ) Special Wire of Net VDD  ( M7 )
Bounds : ( 162.284, 3.760 ) ( 162.924, 5.736 )


SHORT: ( Metal Color Change ) Special Wire of Net VDD  ( M6 )
Bounds : ( 197.864, 3.660 ) ( 199.840, 5.836 )


SHORT: ( Metal Color Change ) Special Wire of Net VSS  ( M7 )
Bounds : ( 46.940, 1.200 ) ( 47.580, 3.176 )


SHORT: ( Metal Color Change ) Special Wire of Net VDD  ( M7 )
Bounds : ( 32.684, 3.760 ) ( 33.324, 5.736 )


SHORT: ( Metal Color Change ) Special Wire of Net VSS  ( M7 )
Bounds : ( 21.020, 1.200 ) ( 21.660, 3.176 )


SHORT: ( Metal Color Change ) Special Wire of Net VDD  ( M7 )
Bounds : ( 6.764, 3.760 ) ( 7.404, 5.736 )


SHORT: ( Metal Color Change ) Special Wire of Net VDD  ( M7 )
Bounds : ( 3.760, 3.660 ) ( 5.736, 5.836 )


SHORT: ( Metal Color Change ) Special Wire of Net VDD  ( M6 )
Bounds : ( 3.760, 3.660 ) ( 5.736, 5.836 )


SHORT: ( Metal Color Change ) Special Wire of Net VSS  ( M7 )
Bounds : ( 150.620, 1.200 ) ( 151.260, 3.176 )


SHORT: ( Metal Color Change ) Special Wire of Net VDD  ( M7 )
Bounds : ( 136.364, 3.760 ) ( 137.004, 5.736 )


SHORT: ( Metal Color Change ) Special Wire of Net VSS  ( M7 )
Bounds : ( 124.700, 1.200 ) ( 125.340, 3.176 )


SHORT: ( Metal Color Change ) Special Wire of Net VDD  ( M7 )
Bounds : ( 110.444, 3.760 ) ( 111.084, 5.736 )


  Total Violations : 42 Viols.
